node.exe : npm warn config ignoring workspace config at 
C:\Users\Alexandre-Janaina\Documents\sistema-controle-oc
orrencias\frontend/.npmrc
No linha:1 caractere:1
+ & "C:\Program Files\nodejs/node.exe" "C:\Program 
Files\nodejs/node_mo ...
+ ~~~~~~~~~~~~~~~~~~~~~~~~~~~~~~~~~~~~~~~~~~~~~~~~~~~~~~
~~~~~~~~~~~~~~~
    + CategoryInfo          : NotSpecified: (npm warn c 
   onfig...frontend/.npmrc:String) [], RemoteException
    + FullyQualifiedErrorId : NativeCommandError
 
npm warn Unknown project config 
"cypress_skip_binary_install". This will stop working 
in the next major version of npm.
FAIL src/services/api.test.ts
  ÔùÅ Test suite failed to run

    Jest encountered an unexpected token

    Jest failed to parse a file. This happens e.g. when 
your code or its dependencies use non-standard 
JavaScript syntax, or when Jest is not configured to 
support such syntax.

    Out of the box Jest supports Babel, which will be 
used to transform your files into valid JS based on 
your Babel configuration.

    By default "node_modules" folder is ignored by 
transformers.

    Here's what you can do:
     ÔÇó If you are trying to use ECMAScript Modules, 
see https://jestjs.io/docs/ecmascript-modules for how 
to enable it.
     ÔÇó If you are trying to use TypeScript, see 
https://jestjs.io/docs/getting-started#using-typescript
     ÔÇó To have some of your "node_modules" files 
transformed, you can specify a custom 
"transformIgnorePatterns" in your config.
     ÔÇó If you need a custom transformation specify a 
"transform" option in your config.
     ÔÇó If you simply want to mock your non-JS modules 
(e.g. binary assets) you can stub them out with the 
"moduleNameMapper" config option.

    You'll find more details and examples of these 
config options in the docs:
    https://jestjs.io/docs/configuration
    For information about custom transformations, see:
    https://jestjs.io/docs/code-transformation

    Details:

    C:\Users\Alexandre-Janaina\Documents\sistema-control
e-ocorrencias\frontend\src\services\api.ts:12
    const rawBaseURL = 
import.meta.env.VITE_API_BASE_URL || '/';
                              ^^^^

    SyntaxError: Cannot use 'import.meta' outside a 
module

    [0m [90m 1 |[39m
    [31m[1m>[22m[39m[90m 2 |[39m [36mimport[39m 
{ api[33m,[39m [33mICrbm[39m[33m,[39m 
[33mIUser[39m } [36mfrom[39m 
[32m'./api'[39m[33m;[39m
     [90m   |[39m [31m[1m^[22m[39m
     [90m 3 |[39m [36mimport[39m { supabase } 
[36mfrom[39m [32m'../lib/supabase'[39m[33m;[39m
     [90m 4 |[39m
     [90m 5 |[39m [90m// Mock do m├│dulo 
supabase[39m[0m

      at Runtime.createScriptFromCode 
(../node_modules/jest-runtime/build/index.js:1505:14)
      at Object.<anonymous> 
(src/services/api.test.ts:2:1)

Test Suites: 1 failed, 1 total
Tests:       0 total
Snapshots:   0 total
Time:        3.82 s
Ran all test suites matching 
/src\\services\\api.test.ts/i.
